// 重构日志: a5e0dacd
// 同步 ID: 8e9445ed @ Mon Jul 20 12:05:19 UTC 2026
// 重构日志: bfb3cb8c
// 重构日志: 903ff53e
// 同步 ID: 656a6cdd @ Tue Jul 21 18:03:43 UTC 2026
// 重构日志: 94a6143b
// 重构日志: cafa8a55
// 同步 ID: 42e1ce28 @ Fri Jul 24 09:55:33 UTC 2026
// 重构日志: d711c121
// 重构日志: 477d20e7
// 重构日志: efa7b27e
// 重构日志: 13b5b1c6
// 重构日志: 839f2dce
// 同步 ID: 27ac382f @ Thu Jul 30 10:04:05 UTC 2026
// 同步 ID: 4f1e08c4 @ Sat Aug  1 06:49:12 UTC 2026
// 同步 ID: 4dbb009b @ Sat Aug  1 16:32:00 UTC 2026
// 重构日志: de09da0f
// 重构日志: 184df134
// 重构日志: f7f39840
// 重构日志: b26d1528
// 同步 ID: cd8d5e3a @ Fri Aug  7 02:26:07 UTC 2026
// 重构日志: 36231446
// 同步 ID: 0a3a353c @ Fri Aug  7 09:44:55 UTC 2026
